
pinFrame idle_0.png -> file:///C:/Users/Administrator/Projects/desktop-pet-custom/packs/xiao-jing/sprites/idle_0.png
wrote C:\Users\Administrator\Projects\desktop-pet-custom\comfy\verify\xiao-jing_idle_window.png {
  size: { width: 432, height: 588 },
  hit: 36155,
  topMargin: 193,
  bottomMargin: 78
}
pinFrame meow_0.png -> file:///C:/Users/Administrator/Projects/desktop-pet-custom/packs/xiao-jing/sprites/meow_0.png
wrote C:\Users\Administrator\Projects\desktop-pet-custom\comfy\verify\xiao-jing_meow_0_window.png {
  size: { width: 432, height: 588 },
  hit: 34153,
  topMargin: 197,
  bottomMargin: 83
}
pinFrame meow_72.png -> file:///C:/Users/Administrator/Projects/desktop-pet-custom/packs/xiao-jing/sprites/meow_72.png
wrote C:\Users\Administrator\Projects\desktop-pet-custom\comfy\verify\xiao-jing_meow_72_window.png {
  size: { width: 432, height: 588 },
  hit: 33841,
  topMargin: 201,
  bottomMargin: 83
}
pinFrame meow_144.png -> file:///C:/Users/Administrator/Projects/desktop-pet-custom/packs/xiao-jing/sprites/meow_144.png
wrote C:\Users\Administrator\Projects\desktop-pet-custom\comfy\verify\xiao-jing_meow_144_window.png {
  size: { width: 432, height: 588 },
  hit: 34049,
  topMargin: 197,
  bottomMargin: 83
}
pinFrame walk_0.png -> file:///C:/Users/Administrator/Projects/desktop-pet-custom/packs/xiao-jing/sprites/walk_0.png
wrote C:\Users\Administrator\Projects\desktop-pet-custom\comfy\verify\xiao-jing_walk_0_window.png {
  size: { width: 432, height: 588 },
  hit: 25865,
  topMargin: 196,
  bottomMargin: 83
}
pinFrame walk_72.png -> file:///C:/Users/Administrator/Projects/desktop-pet-custom/packs/xiao-jing/sprites/walk_72.png
wrote C:\Users\Administrator\Projects\desktop-pet-custom\comfy\verify\xiao-jing_walk_72_window.png {
  size: { width: 432, height: 588 },
  hit: 27203,
  topMargin: 198,
  bottomMargin: 84
}
pinFrame walk_144.png -> file:///C:/Users/Administrator/Projects/desktop-pet-custom/packs/xiao-jing/sprites/walk_144.png
wrote C:\Users\Administrator\Projects\desktop-pet-custom\comfy\verify\xiao-jing_walk_144_window.png {
  size: { width: 432, height: 588 },
  hit: 26082,
  topMargin: 196,
  bottomMargin: 83
}
pinFrame walk_72.png -> file:///C:/Users/Administrator/Projects/desktop-pet-custom/packs/xiao-jing/sprites/walk_72.png
wrote C:\Users\Administrator\Projects\desktop-pet-custom\comfy\verify\xiao-jing_walk_face_right.png {
  size: { width: 432, height: 588 },
  hit: 27203,
  topMargin: 198,
  bottomMargin: 84
}
wrote C:\Users\Administrator\Projects\desktop-pet-custom\comfy\verify\xiao-jing_walk_face_left.png {
  size: { width: 432, height: 588 },
  hit: 27197,
  topMargin: 198,
  bottomMargin: 84
}
walkMotion {
  srcA: 'file:///C:/Users/Administrator/Projects/desktop-pet-custom/packs/xiao-jing/sprites/walk_2.png',
  srcB: 'file:///C:/Users/Administrator/Projects/desktop-pet-custom/packs/xiao-jing/sprites/walk_12.png',
  state: 'walk',
  walkMotionOk: true
}
{"packId":"xiao-jing","packSize":{"width":256,"height":256},"contentSize":{"width":288,"height":392},"sizeOk":true,"marginsOk":true,"topMargin":193,"bottomMargin":78,"actionLabel":"挥手","walkLabel":"走","meowFrames":145,"walkFrames":145,"facing":"left","lifeEnabled":false,"walkMotionOk":true}
